Archive member included to satisfy reference by file (symbol)

c:/st/stm32cubeide_1.4.0/stm32cubeide/plugins/com.st.stm32cube.ide.mcu.externaltools.gnu-tools-for-stm32.7-2018-q2-update.win32_1.4.0.202007081208/tools/bin/../lib/gcc/arm-none-eabi/7.3.1/../../../../arm-none-eabi/lib/thumb/v7-m\libc_nano.a(lib_a-errno.o)
                              Src/syscalls.o (__errno)
c:/st/stm32cubeide_1.4.0/stm32cubeide/plugins/com.st.stm32cube.ide.mcu.externaltools.gnu-tools-for-stm32.7-2018-q2-update.win32_1.4.0.202007081208/tools/bin/../lib/gcc/arm-none-eabi/7.3.1/../../../../arm-none-eabi/lib/thumb/v7-m\libc_nano.a(lib_a-exit.o)
                              c:/st/stm32cubeide_1.4.0/stm32cubeide/plugins/com.st.stm32cube.ide.mcu.externaltools.gnu-tools-for-stm32.7-2018-q2-update.win32_1.4.0.202007081208/tools/bin/../lib/gcc/arm-none-eabi/7.3.1/../../../../arm-none-eabi/lib/thumb/v7-m/crt0.o (exit)
c:/st/stm32cubeide_1.4.0/stm32cubeide/plugins/com.st.stm32cube.ide.mcu.externaltools.gnu-tools-for-stm32.7-2018-q2-update.win32_1.4.0.202007081208/tools/bin/../lib/gcc/arm-none-eabi/7.3.1/../../../../arm-none-eabi/lib/thumb/v7-m\libc_nano.a(lib_a-impure.o)
                              c:/st/stm32cubeide_1.4.0/stm32cubeide/plugins/com.st.stm32cube.ide.mcu.externaltools.gnu-tools-for-stm32.7-2018-q2-update.win32_1.4.0.202007081208/tools/bin/../lib/gcc/arm-none-eabi/7.3.1/../../../../arm-none-eabi/lib/thumb/v7-m\libc_nano.a(lib_a-exit.o) (_global_impure_ptr)
c:/st/stm32cubeide_1.4.0/stm32cubeide/plugins/com.st.stm32cube.ide.mcu.externaltools.gnu-tools-for-stm32.7-2018-q2-update.win32_1.4.0.202007081208/tools/bin/../lib/gcc/arm-none-eabi/7.3.1/../../../../arm-none-eabi/lib/thumb/v7-m\libc_nano.a(lib_a-init.o)
                              c:/st/stm32cubeide_1.4.0/stm32cubeide/plugins/com.st.stm32cube.ide.mcu.externaltools.gnu-tools-for-stm32.7-2018-q2-update.win32_1.4.0.202007081208/tools/bin/../lib/gcc/arm-none-eabi/7.3.1/../../../../arm-none-eabi/lib/thumb/v7-m/crt0.o (__libc_init_array)
c:/st/stm32cubeide_1.4.0/stm32cubeide/plugins/com.st.stm32cube.ide.mcu.externaltools.gnu-tools-for-stm32.7-2018-q2-update.win32_1.4.0.202007081208/tools/bin/../lib/gcc/arm-none-eabi/7.3.1/../../../../arm-none-eabi/lib/thumb/v7-m\libc_nano.a(lib_a-memset.o)
                              c:/st/stm32cubeide_1.4.0/stm32cubeide/plugins/com.st.stm32cube.ide.mcu.externaltools.gnu-tools-for-stm32.7-2018-q2-update.win32_1.4.0.202007081208/tools/bin/../lib/gcc/arm-none-eabi/7.3.1/../../../../arm-none-eabi/lib/thumb/v7-m/crt0.o (memset)
c:/st/stm32cubeide_1.4.0/stm32cubeide/plugins/com.st.stm32cube.ide.mcu.externaltools.gnu-tools-for-stm32.7-2018-q2-update.win32_1.4.0.202007081208/tools/bin/../lib/gcc/arm-none-eabi/7.3.1/../../../../arm-none-eabi/lib/thumb/v7-m\libc_nano.a(lib_a-puts.o)
                              Src/main.o (puts)
c:/st/stm32cubeide_1.4.0/stm32cubeide/plugins/com.st.stm32cube.ide.mcu.externaltools.gnu-tools-for-stm32.7-2018-q2-update.win32_1.4.0.202007081208/tools/bin/../lib/gcc/arm-none-eabi/7.3.1/../../../../arm-none-eabi/lib/thumb/v7-m\libc_nano.a(lib_a-wbuf.o)
                              c:/st/stm32cubeide_1.4.0/stm32cubeide/plugins/com.st.stm32cube.ide.mcu.externaltools.gnu-tools-for-stm32.7-2018-q2-update.win32_1.4.0.202007081208/tools/bin/../lib/gcc/arm-none-eabi/7.3.1/../../../../arm-none-eabi/lib/thumb/v7-m\libc_nano.a(lib_a-puts.o) (__swbuf_r)
c:/st/stm32cubeide_1.4.0/stm32cubeide/plugins/com.st.stm32cube.ide.mcu.externaltools.gnu-tools-for-stm32.7-2018-q2-update.win32_1.4.0.202007081208/tools/bin/../lib/gcc/arm-none-eabi/7.3.1/../../../../arm-none-eabi/lib/thumb/v7-m\libc_nano.a(lib_a-wsetup.o)
                              c:/st/stm32cubeide_1.4.0/stm32cubeide/plugins/com.st.stm32cube.ide.mcu.externaltools.gnu-tools-for-stm32.7-2018-q2-update.win32_1.4.0.202007081208/tools/bin/../lib/gcc/arm-none-eabi/7.3.1/../../../../arm-none-eabi/lib/thumb/v7-m\libc_nano.a(lib_a-puts.o) (__swsetup_r)
c:/st/stm32cubeide_1.4.0/stm32cubeide/plugins/com.st.stm32cube.ide.mcu.externaltools.gnu-tools-for-stm32.7-2018-q2-update.win32_1.4.0.202007081208/tools/bin/../lib/gcc/arm-none-eabi/7.3.1/../../../../arm-none-eabi/lib/thumb/v7-m\libc_nano.a(lib_a-fflush.o)
                              c:/st/stm32cubeide_1.4.0/stm32cubeide/plugins/com.st.stm32cube.ide.mcu.externaltools.gnu-tools-for-stm32.7-2018-q2-update.win32_1.4.0.202007081208/tools/bin/../lib/gcc/arm-none-eabi/7.3.1/../../../../arm-none-eabi/lib/thumb/v7-m\libc_nano.a(lib_a-wbuf.o) (_fflush_r)
c:/st/stm32cubeide_1.4.0/stm32cubeide/plugins/com.st.stm32cube.ide.mcu.externaltools.gnu-tools-for-stm32.7-2018-q2-update.win32_1.4.0.202007081208/tools/bin/../lib/gcc/arm-none-eabi/7.3.1/../../../../arm-none-eabi/lib/thumb/v7-m\libc_nano.a(lib_a-findfp.o)
[...]
Memory Configuration

Name             Origin             Length             Attributes
RAM              0x0000000020000000 0x0000000000020000 xrw
ROM              0x0000000008000000 0x0000000000100000 xr
*default*        0x0000000000000000 0xffffffffffffffff

Linker script and memory map

LOAD c:/st/stm32cubeide_1.4.0/stm32cubeide/plugins/com.st.stm32cube.ide.mcu.externaltools.gnu-tools-for-stm32.7-2018-q2-update.win32_1.4.0.202007081208/tools/bin/../lib/gcc/arm-none-eabi/7.3.1/thumb/v7-m/crti.o
LOAD c:/st/stm32cubeide_1.4.0/stm32cubeide/plugins/com.st.stm32cube.ide.mcu.externaltools.gnu-tools-for-stm32.7-2018-q2-update.win32_1.4.0.202007081208/tools/bin/../lib/gcc/arm-none-eabi/7.3.1/thumb/v7-m/crtbegin.o
LOAD c:/st/stm32cubeide_1.4.0/stm32cubeide/plugins/com.st.stm32cube.ide.mcu.externaltools.gnu-tools-for-stm32.7-2018-q2-update.win32_1.4.0.202007081208/tools/bin/../lib/gcc/arm-none-eabi/7.3.1/../../../../arm-none-eabi/lib/thumb/v7-m/crt0.o
LOAD Src/main.o
LOAD Src/syscalls.o
LOAD Src/sysmem.o
LOAD Startup/startup_stm32f207zgtx.o
START GROUP
LOAD c:/st/stm32cubeide_1.4.0/stm32cubeide/plugins/com.st.stm32cube.ide.mcu.externaltools.gnu-tools-for-stm32.7-2018-q2-update.win32_1.4.0.202007081208/tools/bin/../lib/gcc/arm-none-eabi/7.3.1/../../../../arm-none-eabi/lib/thumb/v7-m\libc_nano.a
LOAD c:/st/stm32cubeide_1.4.0/stm32cubeide/plugins/com.st.stm32cube.ide.mcu.externaltools.gnu-tools-for-stm32.7-2018-q2-update.win32_1.4.0.202007081208/tools/bin/../lib/gcc/arm-none-eabi/7.3.1/../../../../arm-none-eabi/lib/thumb/v7-m\libm.a
END GROUP
START GROUP
LOAD c:/st/stm32cubeide_1.4.0/stm32cubeide/plugins/com.st.stm32cube.ide.mcu.externaltools.gnu-tools-for-stm32.7-2018-q2-update.win32_1.4.0.202007081208/tools/bin/../lib/gcc/arm-none-eabi/7.3.1/thumb/v7-m\libgcc.a
LOAD c:/st/stm32cubeide_1.4.0/stm32cubeide/plugins/com.st.stm32cube.ide.mcu.externaltools.gnu-tools-for-stm32.7-2018-q2-update.win32_1.4.0.202007081208/tools/bin/../lib/gcc/arm-none-eabi/7.3.1/../../../../arm-none-eabi/lib/thumb/v7-m\libc_nano.a
END GROUP
START GROUP
LOAD c:/st/stm32cubeide_1.4.0/stm32cubeide/plugins/com.st.stm32cube.ide.mcu.externaltools.gnu-tools-for-stm32.7-2018-q2-update.win32_1.4.0.202007081208/tools/bin/../lib/gcc/arm-none-eabi/7.3.1/thumb/v7-m\libgcc.a
LOAD c:/st/stm32cubeide_1.4.0/stm32cubeide/plugins/com.st.stm32cube.ide.mcu.externaltools.gnu-tools-for-stm32.7-2018-q2-update.win32_1.4.0.202007081208/tools/bin/../lib/gcc/arm-none-eabi/7.3.1/../../../../arm-none-eabi/lib/thumb/v7-m\libc_nano.a
LOAD c:/st/stm32cubeide_1.4.0/stm32cubeide/plugins/com.st.stm32cube.ide.mcu.externaltools.gnu-tools-for-stm32.7-2018-q2-update.win32_1.4.0.202007081208/tools/bin/../lib/gcc/arm-none-eabi/7.3.1/../../../../arm-none-eabi/lib/thumb/v7-m\libnosys.a
END GROUP
START GROUP
LOAD c:/st/stm32cubeide_1.4.0/stm32cubeide/plugins/com.st.stm32cube.ide.mcu.externaltools.gnu-tools-for-stm32.7-2018-q2-update.win32_1.4.0.202007081208/tools/bin/../lib/gcc/arm-none-eabi/7.3.1/thumb/v7-m\libgcc.a
LOAD c:/st/stm32cubeide_1.4.0/stm32cubeide/plugins/com.st.stm32cube.ide.mcu.externaltools.gnu-tools-for-stm32.7-2018-q2-update.win32_1.4.0.202007081208/tools/bin/../lib/gcc/arm-none-eabi/7.3.1/../../../../arm-none-eabi/lib/thumb/v7-m\libc_nano.a
LOAD c:/st/stm32cubeide_1.4.0/stm32cubeide/plugins/com.st.stm32cube.ide.mcu.externaltools.gnu-tools-for-stm32.7-2018-q2-update.win32_1.4.0.202007081208/tools/bin/../lib/gcc/arm-none-eabi/7.3.1/../../../../arm-none-eabi/lib/thumb/v7-m\libnosys.a
END GROUP
LOAD c:/st/stm32cubeide_1.4.0/stm32cubeide/plugins/com.st.stm32cube.ide.mcu.externaltools.gnu-tools-for-stm32.7-2018-q2-update.win32_1.4.0.202007081208/tools/bin/../lib/gcc/arm-none-eabi/7.3.1/thumb/v7-m/crtend.o
LOAD c:/st/stm32cubeide_1.4.0/stm32cubeide/plugins/com.st.stm32cube.ide.mcu.externaltools.gnu-tools-for-stm32.7-2018-q2-update.win32_1.4.0.202007081208/tools/bin/../lib/gcc/arm-none-eabi/7.3.1/thumb/v7-m/crtn.o
                0x0000000020020000                _estack = (ORIGIN (RAM) + LENGTH (RAM))
                0x0000000000000200                _Min_Heap_Size = 0x200
                0x0000000000000400                _Min_Stack_Size = 0x400

.isr_vector     0x0000000008000000      0x184
                0x0000000008000000                . = ALIGN (0x4)
 *(.isr_vector)
 .isr_vector    0x0000000008000000      0x184 Startup/startup_stm32f207zgtx.o
                0x0000000008000000                g_pfnVectors
                0x0000000008000184                . = ALIGN (0x4)

.text           0x0000000008000184      0xb78
                0x0000000008000184                . = ALIGN (0x4)
 *(.text)
 .text          0x0000000008000184       0x40 c:/st/stm32cubeide_1.4.0/stm32cubeide/plugins/com.st.stm32cube.ide.mcu.externaltools.gnu-tools-for-stm32.7-2018-q2-update.win32_1.4.0.202007081208/tools/bin/../lib/gcc/arm-none-eabi/7.3.1/thumb/v7-m/crtbegin.o
 *(.text*)
 .text.main     0x00000000080001c4       0x10 Src/main.o
                0x00000000080001c4                main
 .text.ITM_SendChar
                0x00000000080001d4       0x4c Src/syscalls.o
                0x00000000080001d4                ITM_SendChar
 .text._read    0x0000000008000220       0x3a Src/syscalls.o
                0x0000000008000220                _read
 .text._write   0x000000000800025a       0x38 Src/syscalls.o
                0x000000000800025a                _write
 .text._close   0x0000000008000292       0x16 Src/syscalls.o
                0x0000000008000292                _close
 .text._fstat   0x00000000080002a8       0x1e Src/syscalls.o
                0x00000000080002a8                _fstat
 .text._isatty  0x00000000080002c6       0x14 Src/syscalls.o
                0x00000000080002c6                _isatty
 .text._lseek   0x00000000080002da       0x18 Src/syscalls.o
                0x00000000080002da                _lseek
 *fill*         0x00000000080002f2        0x2 
 .text._sbrk    0x00000000080002f4       0x6c Src/sysmem.o
                0x00000000080002f4                _sbrk
 .text.Reset_Handler
                0x0000000008000360       0x50 Startup/startup_stm32f207zgtx.o
                0x0000000008000360                Reset_Handler
 .text.Default_Handler
                0x00000000080003b0        0x2 Startup/startup_stm32f207zgtx.o
                0x00000000080003b0                RTC_Alarm_IRQHandler
                0x00000000080003b0                HASH_RNG_IRQHandler
                0x00000000080003b0                EXTI2_IRQHandler
                0x00000000080003b0                TIM8_CC_IRQHandler
                0x00000000080003b0                DebugMon_Handler
                0x00000000080003b0                TIM1_CC_IRQHandler
                0x00000000080003b0                DMA2_Stream5_IRQHandler
                0x00000000080003b0                HardFault_Handler
                0x00000000080003b0                DMA1_Stream5_IRQHandler
                0x00000000080003b0                SysTick_Handler
                0x00000000080003b0                PVD_IRQHandler
                0x00000000080003b0                SDIO_IRQHandler
                0x00000000080003b0                TAMP_STAMP_IRQHandler
                0x00000000080003b0                PendSV_Handler
                0x00000000080003b0                NMI_Handler
                0x00000000080003b0                CAN2_RX1_IRQHandler
                0x00000000080003b0                EXTI3_IRQHandler
                0x00000000080003b0                TIM8_TRG_COM_TIM14_IRQHandler
                0x00000000080003b0                TIM1_UP_TIM10_IRQHandler
                0x00000000080003b0                TIM8_UP_TIM13_IRQHandler
                0x00000000080003b0                I2C3_ER_IRQHandler
                0x00000000080003b0                EXTI0_IRQHandler
                0x00000000080003b0                I2C2_EV_IRQHandler
                0x00000000080003b0                DMA1_Stream2_IRQHandler
                0x00000000080003b0                CAN1_RX0_IRQHandler
                0x00000000080003b0                OTG_HS_WKUP_IRQHandler
                0x00000000080003b0                UsageFault_Handler
                0x00000000080003b0                CAN2_SCE_IRQHandler
                0x00000000080003b0                DMA2_Stream2_IRQHandler
                0x00000000080003b0                SPI1_IRQHandler
                0x00000000080003b0                TIM6_DAC_IRQHandler
                0x00000000080003b0                TIM1_BRK_TIM9_IRQHandler
                0x00000000080003b0                DCMI_IRQHandler
                0x00000000080003b0                CAN2_RX0_IRQHandler
                0x00000000080003b0                DMA2_Stream3_IRQHandler
                0x00000000080003b0                USART6_IRQHandler
                0x00000000080003b0                USART3_IRQHandler
                0x00000000080003b0                CRYP_IRQHandler
                0x00000000080003b0                CAN1_RX1_IRQHandler
                0x00000000080003b0                UART5_IRQHandler
                0x00000000080003b0                DMA2_Stream0_IRQHandler
                0x00000000080003b0                TIM4_IRQHandler
                0x00000000080003b0                I2C1_EV_IRQHandler
                0x00000000080003b0                DMA1_Stream6_IRQHandler
                0x00000000080003b0                DMA1_Stream1_IRQHandler
                0x00000000080003b0                UART4_IRQHandler
                0x00000000080003b0                TIM3_IRQHandler
                0x00000000080003b0                RCC_IRQHandler
                0x00000000080003b0                TIM8_BRK_TIM12_IRQHandler
                0x00000000080003b0                Default_Handler
                0x00000000080003b0                EXTI15_10_IRQHandler
                0x00000000080003b0                ADC_IRQHandler
                0x00000000080003b0                DMA1_Stream7_IRQHandler
                0x00000000080003b0                TIM7_IRQHandler
                0x00000000080003b0                CAN2_TX_IRQHandler
                0x00000000080003b0                TIM5_IRQHandler
                0x00000000080003b0                DMA2_Stream7_IRQHandler
                0x00000000080003b0                I2C3_EV_IRQHandler
                0x00000000080003b0                EXTI9_5_IRQHandler
                0x00000000080003b0                RTC_WKUP_IRQHandler
                0x00000000080003b0                ETH_WKUP_IRQHandler
                0x00000000080003b0                SPI2_IRQHandler
                0x00000000080003b0                OTG_HS_EP1_IN_IRQHandler
                0x00000000080003b0                MemManage_Handler
                0x00000000080003b0                DMA1_Stream0_IRQHandler
                0x00000000080003b0                CAN1_TX_IRQHandler
                0x00000000080003b0                SVC_Handler
                0x00000000080003b0                EXTI4_IRQHandler
                0x00000000080003b0                FSMC_IRQHandler
                0x00000000080003b0                ETH_IRQHandler
                0x00000000080003b0                OTG_HS_EP1_OUT_IRQHandler
                0x00000000080003b0                WWDG_IRQHandler
                0x00000000080003b0                TIM2_IRQHandler
                0x00000000080003b0                OTG_FS_WKUP_IRQHandler
                0x00000000080003b0                TIM1_TRG_COM_TIM11_IRQHandler
                0x00000000080003b0                OTG_HS_IRQHandler
                0x00000000080003b0                EXTI1_IRQHandler
                0x00000000080003b0                USART2_IRQHandler
                0x00000000080003b0                I2C2_ER_IRQHandler
                0x00000000080003b0                DMA2_Stream1_IRQHandler
                0x00000000080003b0                CAN1_SCE_IRQHandler
                0x00000000080003b0                FLASH_IRQHandler
                0x00000000080003b0                DMA2_Stream4_IRQHandler
                0x00000000080003b0                BusFault_Handler
                0x00000000080003b0                USART1_IRQHandler
                0x00000000080003b0                OTG_FS_IRQHandler
                0x00000000080003b0                SPI3_IRQHandler
                0x00000000080003b0                DMA1_Stream4_IRQHandler
                0x00000000080003b0                I2C1_ER_IRQHandler
                0x00000000080003b0                DMA2_Stream6_IRQHandler
                0x00000000080003b0                DMA1_Stream3_IRQHandler
 *fill*         0x00000000080003b2        0x2 
 .text.__errno  0x00000000080003b4        0xc c:/st/stm32cubeide_1.4.0/stm32cubeide/plugins/com.st.stm32cube.ide.mcu.externaltools.gnu-tools-for-stm32.7-2018-q2-update.win32_1.4.0.202007081208/tools/bin/../lib/gcc/arm-none-eabi/7.3.1/../../../../arm-none-eabi/lib/thumb/v7-m\libc_nano.a(lib_a-errno.o)
                0x00000000080003b4                __errno
 .text.__libc_init_array
                0x00000000080003c0       0x48 c:/st/stm32cubeide_1.4.0/stm32cubeide/plugins/com.st.stm32cube.ide.mcu.externaltools.gnu-tools-for-stm32.7-2018-q2-update.win32_1.4.0.202007081208/tools/bin/../lib/gcc/arm-none-eabi/7.3.1/../../../../arm-none-eabi/lib/thumb/v7-m\libc_nano.a(lib_a-init.o)
                0x00000000080003c0                __libc_init_array
 .text.memset   0x0000000008000408       0x10 c:/st/stm32cubeide_1.4.0/stm32cubeide/plugins/com.st.stm32cube.ide.mcu.externaltools.gnu-tools-for-stm32.7-2018-q2-update.win32_1.4.0.202007081208/tools/bin/../lib/gcc/arm-none-eabi/7.3.1/../../../../arm-none-eabi/lib/thumb/v7-m\libc_nano.a(lib_a-memset.o)
                0x0000000008000408                memset
 .text._puts_r  0x0000000008000418       0xb8 c:/st/stm32cubeide_1.4.0/stm32cubeide/plugins/com.st.stm32cube.ide.mcu.externaltools.gnu-tools-for-stm32.7-2018-q2-update.win32_1.4.0.202007081208/tools/bin/../lib/gcc/arm-none-eabi/7.3.1/../../../../arm-none-eabi/lib/thumb/v7-m\libc_nano.a(lib_a-puts.o)
                0x0000000008000418                _puts_r
 .text.puts     0x00000000080004d0       0x10 c:/st/stm32cubeide_1.4.0/stm32cubeide/plugins/com.st.stm32cube.ide.mcu.externaltools.gnu-tools-for-stm32.7-2018-q2-update.win32_1.4.0.202007081208/tools/bin/../lib/gcc/arm-none-eabi/7.3.1/../../../../arm-none-eabi/lib/thumb/v7-m\libc_nano.a(lib_a-puts.o)
                0x00000000080004d0                puts
 .text.__swbuf_r
                0x00000000080004e0       0xa4 c:/st/stm32cubeide_1.4.0/stm32cubeide/plugins/com.st.stm32cube.ide.mcu.externaltools.gnu-tools-for-stm32.7-2018-q2-update.win32_1.4.0.202007081208/tools/bin/../lib/gcc/arm-none-eabi/7.3.1/../../../../arm-none-eabi/lib/thumb/v7-m\libc_nano.a(lib_a-wbuf.o)
                0x00000000080004e0                __swbuf_r
 .text.__swsetup_r
                0x0000000008000584       0xdc c:/st/stm32cubeide_1.4.0/stm32cubeide/plugins/com.st.stm32cube.ide.mcu.externaltools.gnu-tools-for-stm32.7-2018-q2-update.win32_1.4.0.202007081208/tools/bin/../lib/gcc/arm-none-eabi/7.3.1/../../../../arm-none-eabi/lib/thumb/v7-m\libc_nano.a(lib_a-wsetup.o)
                0x0000000008000584                __swsetup_r
 .text.__sflush_r
                0x0000000008000660      0x10c c:/st/stm32cubeide_1.4.0/stm32cubeide/plugins/com.st.stm32cube.ide.mcu.externaltools.gnu-tools-for-stm32.7-2018-q2-update.win32_1.4.0.202007081208/tools/bin/../lib/gcc/arm-none-eabi/7.3.1/../../../../arm-none-eabi/lib/thumb/v7-m\libc_nano.a(lib_a-fflush.o)
                0x0000000008000660                __sflush_r
 .text._fflush_r
                0x000000000800076c       0x54 c:/st/stm32cubeide_1.4.0/stm32cubeide/plugins/com.st.stm32cube.ide.mcu.externaltools.gnu-tools-for-stm32.7-2018-q2-update.win32_1.4.0.202007081208/tools/bin/../lib/gcc/arm-none-eabi/7.3.1/../../../../arm-none-eabi/lib/thumb/v7-m\libc_nano.a(lib_a-fflush.o)
                0x000000000800076c                _fflush_r
 .text.std      0x00000000080007c0       0x48 c:/st/stm32cubeide_1.4.0/stm32cubeide/plugins/com.st.stm32cube.ide.mcu.externaltools.gnu-tools-for-stm32.7-2018-q2-update.win32_1.4.0.202007081208/tools/bin/../lib/gcc/arm-none-eabi/7.3.1/../../../../arm-none-eabi/lib/thumb/v7-m\libc_nano.a(lib_a-findfp.o)
 .text._cleanup_r
                0x0000000008000808        0xc c:/st/stm32cubeide_1.4.0/stm32cubeide/plugins/com.st.stm32cube.ide.mcu.externaltools.gnu-tools-for-stm32.7-2018-q2-update.win32_1.4.0.202007081208/tools/bin/../lib/gcc/arm-none-eabi/7.3.1/../../../../arm-none-eabi/lib/thumb/v7-m\libc_nano.a(lib_a-findfp.o)
                0x0000000008000808                _cleanup_r
 .text.__sfmoreglue
                0x0000000008000814       0x2c c:/st/stm32cubeide_1.4.0/stm32cubeide/plugins/com.st.stm32cube.ide.mcu.externaltools.gnu-tools-for-stm32.7-2018-q2-update.win32_1.4.0.202007081208/tools/bin/../lib/gcc/arm-none-eabi/7.3.1/../../../../arm-none-eabi/lib/thumb/v7-m\libc_nano.a(lib_a-findfp.o)
                0x0000000008000814                __sfmoreglue
 .text.__sinit  0x0000000008000840       0x60 c:/st/stm32cubeide_1.4.0/stm32cubeide/plugins/com.st.stm32cube.ide.mcu.externaltools.gnu-tools-for-stm32.7-2018-q2-update.win32_1.4.0.202007081208/tools/bin/../lib/gcc/arm-none-eabi/7.3.1/../../../../arm-none-eabi/lib/thumb/v7-m\libc_nano.a(lib_a-findfp.o)
                0x0000000008000840                __sinit
 .text.__sfp    0x00000000080008a0       0x78 c:/st/stm32cubeide_1.4.0/stm32cubeide/plugins/com.st.stm32cube.ide.mcu.externaltools.gnu-tools-for-stm32.7-2018-q2-update.win32_1.4.0.202007081208/tools/bin/../lib/gcc/arm-none-eabi/7.3.1/../../../../arm-none-eabi/lib/thumb/v7-m\libc_nano.a(lib_a-findfp.o)
                0x00000000080008a0                __sfp
 .text._fwalk_reent
                0x0000000008000918       0x3c c:/st/stm32cubeide_1.4.0/stm32cubeide/plugins/com.st.stm32cube.ide.mcu.externaltools.gnu-tools-for-stm32.7-2018-q2-update.win32_1.4.0.202007081208/tools/bin/../lib/gcc/arm-none-eabi/7.3.1/../../../../arm-none-eabi/lib/thumb/v7-m\libc_nano.a(lib_a-fwalk.o)
                0x0000000008000918                _fwalk_reent
 .text.__swhatbuf_r
                0x0000000008000954       0x48 c:/st/stm32cubeide_1.4.0/stm32cubeide/plugins/com.st.stm32cube.ide.mcu.externaltools.gnu-tools-for-stm32.7-2018-q2-update.win32_1.4.0.202007081208/tools/bin/../lib/gcc/arm-none-eabi/7.3.1/../../../../arm-none-eabi/lib/thumb/v7-m\libc_nano.a(lib_a-makebuf.o)
                0x0000000008000954                __swhatbuf_r
 .text.__smakebuf_r
                0x000000000800099c       0x80 c:/st/stm32cubeide_1.4.0/stm32cubeide/plugins/com.st.stm32cube.ide.mcu.externaltools.gnu-tools-for-stm32.7-2018-q2-update.win32_1.4.0.202007081208/tools/bin/../lib/gcc/arm-none-eabi/7.3.1/../../../../arm-none-eabi/lib/thumb/v7-m\libc_nano.a(lib_a-makebuf.o)
                0x000000000800099c                __smakebuf_r
 .text._free_r  0x0000000008000a1c       0x98 c:/st/stm32cubeide_1.4.0/stm32cubeide/plugins/com.st.stm32cube.ide.mcu.externaltools.gnu-tools-for-stm32.7-2018-q2-update.win32_1.4.0.202007081208/tools/bin/../lib/gcc/arm-none-eabi/7.3.1/../../../../arm-none-eabi/lib/thumb/v7-m\libc_nano.a(lib_a-nano-freer.o)
                0x0000000008000a1c                _free_r
 .text._malloc_r
                0x0000000008000ab4       0xb4 c:/st/stm32cubeide_1.4.0/stm32cubeide/plugins/com.st.stm32cube.ide.mcu.externaltools.gnu-tools-for-stm32.7-2018-q2-update.win32_1.4.0.202007081208/tools/bin/../lib/gcc/arm-none-eabi/7.3.1/../../../../arm-none-eabi/lib/thumb/v7-m\libc_nano.a(lib_a-nano-mallocr.o)
                0x0000000008000ab4                _malloc_r
 .text._sbrk_r  0x0000000008000b68       0x20 c:/st/stm32cubeide_1.4.0/stm32cubeide/plugins/com.st.stm32cube.ide.mcu.externaltools.gnu-tools-for-stm32.7-2018-q2-update.win32_1.4.0.202007081208/tools/bin/../lib/gcc/arm-none-eabi/7.3.1/../../../../arm-none-eabi/lib/thumb/v7-m\libc_nano.a(lib_a-sbrkr.o)
                0x0000000008000b68                _sbrk_r
 .text.__sread  0x0000000008000b88       0x22 c:/st/stm32cubeide_1.4.0/stm32cubeide/plugins/com.st.stm32cube.ide.mcu.externaltools.gnu-tools-for-stm32.7-2018-q2-update.win32_1.4.0.202007081208/tools/bin/../lib/gcc/arm-none-eabi/7.3.1/../../../../arm-none-eabi/lib/thumb/v7-m\libc_nano.a(lib_a-stdio.o)
                0x0000000008000b88                __sread
 .text.__swrite
                0x0000000008000baa       0x38 c:/st/stm32cubeide_1.4.0/stm32cubeide/plugins/com.st.stm32cube.ide.mcu.externaltools.gnu-tools-for-stm32.7-2018-q2-update.win32_1.4.0.202007081208/tools/bin/../lib/gcc/arm-none-eabi/7.3.1/../../../../arm-none-eabi/lib/thumb/v7-m\libc_nano.a(lib_a-stdio.o)
                0x0000000008000baa                __swrite
 .text.__sseek  0x0000000008000be2       0x24 c:/st/stm32cubeide_1.4.0/stm32cubeide/plugins/com.st.stm32cube.ide.mcu.externaltools.gnu-tools-for-stm32.7-2018-q2-update.win32_1.4.0.202007081208/tools/bin/../lib/gcc/arm-none-eabi/7.3.1/../../../../arm-none-eabi/lib/thumb/v7-m\libc_nano.a(lib_a-stdio.o)
                0x0000000008000be2                __sseek
 .text.__sclose
                0x0000000008000c06        0x8 c:/st/stm32cubeide_1.4.0/stm32cubeide/plugins/com.st.stm32cube.ide.mcu.externaltools.gnu-tools-for-stm32.7-2018-q2-update.win32_1.4.0.202007081208/tools/bin/../lib/gcc/arm-none-eabi/7.3.1/../../../../arm-none-eabi/lib/thumb/v7-m\libc_nano.a(lib_a-stdio.o)
                0x0000000008000c06                __sclose
 *fill*         0x0000000008000c0e        0x2 
 .text._write_r
                0x0000000008000c10       0x24 c:/st/stm32cubeide_1.4.0/stm32cubeide/plugins/com.st.stm32cube.ide.mcu.externaltools.gnu-tools-for-stm32.7-2018-q2-update.win32_1.4.0.202007081208/tools/bin/../lib/gcc/arm-none-eabi/7.3.1/../../../../arm-none-eabi/lib/thumb/v7-m\libc_nano.a(lib_a-writer.o)
                0x0000000008000c10                _write_r
 .text._close_r
                0x0000000008000c34       0x20 c:/st/stm32cubeide_1.4.0/stm32cubeide/plugins/com.st.stm32cube.ide.mcu.externaltools.gnu-tools-for-stm32.7-2018-q2-update.win32_1.4.0.202007081208/tools/bin/../lib/gcc/arm-none-eabi/7.3.1/../../../../arm-none-eabi/lib/thumb/v7-m\libc_nano.a(lib_a-closer.o)
                0x0000000008000c34                _close_r
 .text._fstat_r
                0x0000000008000c54       0x24 c:/st/stm32cubeide_1.4.0/stm32cubeide/plugins/com.st.stm32cube.ide.mcu.externaltools.gnu-tools-for-stm32.7-2018-q2-update.win32_1.4.0.202007081208/tools/bin/../lib/gcc/arm-none-eabi/7.3.1/../../../../arm-none-eabi/lib/thumb/v7-m\libc_nano.a(lib_a-fstatr.o)
                0x0000000008000c54                _fstat_r
 .text._isatty_r
                0x0000000008000c78       0x20 c:/st/stm32cubeide_1.4.0/stm32cubeide/plugins/com.st.stm32cube.ide.mcu.externaltools.gnu-tools-for-stm32.7-2018-q2-update.win32_1.4.0.202007081208/tools/bin/../lib/gcc/arm-none-eabi/7.3.1/../../../../arm-none-eabi/lib/thumb/v7-m\libc_nano.a(lib_a-isattyr.o)
                0x0000000008000c78                _isatty_r
 .text._lseek_r
                0x0000000008000c98       0x24 c:/st/stm32cubeide_1.4.0/stm32cubeide/plugins/com.st.stm32cube.ide.mcu.externaltools.gnu-tools-for-stm32.7-2018-q2-update.win32_1.4.0.202007081208/tools/bin/../lib/gcc/arm-none-eabi/7.3.1/../../../../arm-none-eabi/lib/thumb/v7-m\libc_nano.a(lib_a-lseekr.o)
                0x0000000008000c98                _lseek_r
 .text.__malloc_lock
                0x0000000008000cbc        0x2 c:/st/stm32cubeide_1.4.0/stm32cubeide/plugins/com.st.stm32cube.ide.mcu.externaltools.gnu-tools-for-stm32.7-2018-q2-update.win32_1.4.0.202007081208/tools/bin/../lib/gcc/arm-none-eabi/7.3.1/../../../../arm-none-eabi/lib/thumb/v7-m\libc_nano.a(lib_a-mlock.o)
                0x0000000008000cbc                __malloc_lock
 .text.__malloc_unlock
                0x0000000008000cbe        0x2 c:/st/stm32cubeide_1.4.0/stm32cubeide/plugins/com.st.stm32cube.ide.mcu.externaltools.gnu-tools-for-stm32.7-2018-q2-update.win32_1.4.0.202007081208/tools/bin/../lib/gcc/arm-none-eabi/7.3.1/../../../../arm-none-eabi/lib/thumb/v7-m\libc_nano.a(lib_a-mlock.o)
                0x0000000008000cbe                __malloc_unlock
 .text._read_r  0x0000000008000cc0       0x24 c:/st/stm32cubeide_1.4.0/stm32cubeide/plugins/com.st.stm32cube.ide.mcu.externaltools.gnu-tools-for-stm32.7-2018-q2-update.win32_1.4.0.202007081208/tools/bin/../lib/gcc/arm-none-eabi/7.3.1/../../../../arm-none-eabi/lib/thumb/v7-m\libc_nano.a(lib_a-readr.o)
                0x0000000008000cc0                _read_r
 *(.glue_7)
 .glue_7        0x0000000008000ce4        0x0 linker stubs
 *(.glue_7t)
 .glue_7t       0x0000000008000ce4        0x0 linker stubs
 *(.eh_frame)
 .eh_frame      0x0000000008000ce4        0x0 c:/st/stm32cubeide_1.4.0/stm32cubeide/plugins/com.st.stm32cube.ide.mcu.externaltools.gnu-tools-for-stm32.7-2018-q2-update.win32_1.4.0.202007081208/tools/bin/../lib/gcc/arm-none-eabi/7.3.1/thumb/v7-m/crtbegin.o
 *(.init)
 .init          0x0000000008000ce4        0x4 c:/st/stm32cubeide_1.4.0/stm32cubeide/plugins/com.st.stm32cube.ide.mcu.externaltools.gnu-tools-for-stm32.7-2018-q2-update.win32_1.4.0.202007081208/tools/bin/../lib/gcc/arm-none-eabi/7.3.1/thumb/v7-m/crti.o
                0x0000000008000ce4                _init
 .init          0x0000000008000ce8        0x8 c:/st/stm32cubeide_1.4.0/stm32cubeide/plugins/com.st.stm32cube.ide.mcu.externaltools.gnu-tools-for-stm32.7-2018-q2-update.win32_1.4.0.202007081208/tools/bin/../lib/gcc/arm-none-eabi/7.3.1/thumb/v7-m/crtn.o
 *(.fini)
 .fini          0x0000000008000cf0        0x4 c:/st/stm32cubeide_1.4.0/stm32cubeide/plugins/com.st.stm32cube.ide.mcu.externaltools.gnu-tools-for-stm32.7-2018-q2-update.win32_1.4.0.202007081208/tools/bin/../lib/gcc/arm-none-eabi/7.3.1/thumb/v7-m/crti.o
                0x0000000008000cf0                _fini
 .fini          0x0000000008000cf4        0x8 c:/st/stm32cubeide_1.4.0/stm32cubeide/plugins/com.st.stm32cube.ide.mcu.externaltools.gnu-tools-for-stm32.7-2018-q2-update.win32_1.4.0.202007081208/tools/bin/../lib/gcc/arm-none-eabi/7.3.1/thumb/v7-m/crtn.o
                0x0000000008000cfc                . = ALIGN (0x4)
                0x0000000008000cfc                _etext = .

.vfp11_veneer   0x0000000008000cfc        0x0
 .vfp11_veneer  0x0000000008000cfc        0x0 linker stubs

.v4_bx          0x0000000008000cfc        0x0
 .v4_bx         0x0000000008000cfc        0x0 linker stubs

.iplt           0x0000000008000cfc        0x0
 .iplt          0x0000000008000cfc        0x0 c:/st/stm32cubeide_1.4.0/stm32cubeide/plugins/com.st.stm32cube.ide.mcu.externaltools.gnu-tools-for-stm32.7-2018-q2-update.win32_1.4.0.202007081208/tools/bin/../lib/gcc/arm-none-eabi/7.3.1/thumb/v7-m/crtbegin.o

.rodata         0x0000000008000cfc       0x78
                0x0000000008000cfc                . = ALIGN (0x4)
 *(.rodata)
 .rodata        0x0000000008000cfc       0x11 Src/main.o
 *(.rodata*)
 *fill*         0x0000000008000d0d        0x3 
 .rodata._global_impure_ptr
                0x0000000008000d10        0x4 c:/st/stm32cubeide_1.4.0/stm32cubeide/plugins/com.st.stm32cube.ide.mcu.externaltools.gnu-tools-for-stm32.7-2018-q2-update.win32_1.4.0.202007081208/tools/bin/../lib/gcc/arm-none-eabi/7.3.1/../../../../arm-none-eabi/lib/thumb/v7-m\libc_nano.a(lib_a-impure.o)
                0x0000000008000d10                _global_impure_ptr
 .rodata.__sf_fake_stderr
                0x0000000008000d14       0x20 c:/st/stm32cubeide_1.4.0/stm32cubeide/plugins/com.st.stm32cube.ide.mcu.externaltools.gnu-tools-for-stm32.7-2018-q2-update.win32_1.4.0.202007081208/tools/bin/../lib/gcc/arm-none-eabi/7.3.1/../../../../arm-none-eabi/lib/thumb/v7-m\libc_nano.a(lib_a-findfp.o)
                0x0000000008000d14                __sf_fake_stderr
 .rodata.__sf_fake_stdin
                0x0000000008000d34       0x20 c:/st/stm32cubeide_1.4.0/stm32cubeide/plugins/com.st.stm32cube.ide.mcu.externaltools.gnu-tools-for-stm32.7-2018-q2-update.win32_1.4.0.202007081208/tools/bin/../lib/gcc/arm-none-eabi/7.3.1/../../../../arm-none-eabi/lib/thumb/v7-m\libc_nano.a(lib_a-findfp.o)
                0x0000000008000d34                __sf_fake_stdin
 .rodata.__sf_fake_stdout
                0x0000000008000d54       0x20 c:/st/stm32cubeide_1.4.0/stm32cubeide/plugins/com.st.stm32cube.ide.mcu.externaltools.gnu-tools-for-stm32.7-2018-q2-update.win32_1.4.0.202007081208/tools/bin/../lib/gcc/arm-none-eabi/7.3.1/../../../../arm-none-eabi/lib/thumb/v7-m\libc_nano.a(lib_a-findfp.o)
                0x0000000008000d54                __sf_fake_stdout
                0x0000000008000d74                . = ALIGN (0x4)

.rel.dyn        0x0000000008000d74        0x0
 .rel.iplt      0x0000000008000d74        0x0 c:/st/stm32cubeide_1.4.0/stm32cubeide/plugins/com.st.stm32cube.ide.mcu.externaltools.gnu-tools-for-stm32.7-2018-q2-update.win32_1.4.0.202007081208/tools/bin/../lib/gcc/arm-none-eabi/7.3.1/thumb/v7-m/crtbegin.o

.ARM.extab      0x0000000008000d74        0x0
                0x0000000008000d74                . = ALIGN (0x4)
 *(.ARM.extab* .gnu.linkonce.armextab.*)
                0x0000000008000d74                . = ALIGN (0x4)

.ARM            0x0000000008000d74        0x0
                0x0000000008000d74                . = ALIGN (0x4)
                0x0000000008000d74                __exidx_start = .
 *(.ARM.exidx*)
                0x0000000008000d74                __exidx_end = .
                0x0000000008000d74                . = ALIGN (0x4)

.preinit_array  0x0000000008000d74        0x0
                0x0000000008000d74                . = ALIGN (0x4)
                0x0000000008000d74                PROVIDE (__preinit_array_start = .)
 *(.preinit_array*)
                0x0000000008000d74                PROVIDE (__preinit_array_end = .)
                0x0000000008000d74                . = ALIGN (0x4)

.init_array     0x0000000008000d74        0x4
                0x0000000008000d74                . = ALIGN (0x4)
                0x0000000008000d74                PROVIDE (__init_array_start = .)
 *(SORT_BY_NAME(.init_array.*))
 *(.init_array*)
 .init_array    0x0000000008000d74        0x4 c:/st/stm32cubeide_1.4.0/stm32cubeide/plugins/com.st.stm32cube.ide.mcu.externaltools.gnu-tools-for-stm32.7-2018-q2-update.win32_1.4.0.202007081208/tools/bin/../lib/gcc/arm-none-eabi/7.3.1/thumb/v7-m/crtbegin.o
                0x0000000008000d78                PROVIDE (__init_array_end = .)
                0x0000000008000d78                . = ALIGN (0x4)

.fini_array     0x0000000008000d78        0x4
                0x0000000008000d78                . = ALIGN (0x4)
                [!provide]                        PROVIDE (__fini_array_start = .)
 *(SORT_BY_NAME(.fini_array.*))
 *(.fini_array*)
 .fini_array    0x0000000008000d78        0x4 c:/st/stm32cubeide_1.4.0/stm32cubeide/plugins/com.st.stm32cube.ide.mcu.externaltools.gnu-tools-for-stm32.7-2018-q2-update.win32_1.4.0.202007081208/tools/bin/../lib/gcc/arm-none-eabi/7.3.1/thumb/v7-m/crtbegin.o
                [!provide]                        PROVIDE (__fini_array_end = .)
                0x0000000008000d7c                . = ALIGN (0x4)
                0x0000000008000d7c                _sidata = LOADADDR (.data)

.data           0x0000000020000000       0x64 load address 0x0000000008000d7c
                0x0000000020000000                . = ALIGN (0x4)
                0x0000000020000000                _sdata = .
 *(.data)
 *(.data*)
 .data._impure_ptr
                0x0000000020000000        0x4 c:/st/stm32cubeide_1.4.0/stm32cubeide/plugins/com.st.stm32cube.ide.mcu.externaltools.gnu-tools-for-stm32.7-2018-q2-update.win32_1.4.0.202007081208/tools/bin/../lib/gcc/arm-none-eabi/7.3.1/../../../../arm-none-eabi/lib/thumb/v7-m\libc_nano.a(lib_a-impure.o)
                0x0000000020000000                _impure_ptr
 .data.impure_data
                0x0000000020000004       0x60 c:/st/stm32cubeide_1.4.0/stm32cubeide/plugins/com.st.stm32cube.ide.mcu.externaltools.gnu-tools-for-stm32.7-2018-q2-update.win32_1.4.0.202007081208/tools/bin/../lib/gcc/arm-none-eabi/7.3.1/../../../../arm-none-eabi/lib/thumb/v7-m\libc_nano.a(lib_a-impure.o)
                0x0000000020000064                . = ALIGN (0x4)
                0x0000000020000064                _edata = .

.igot.plt       0x0000000020000064        0x0 load address 0x0000000008000de0
 .igot.plt      0x0000000020000064        0x0 c:/st/stm32cubeide_1.4.0/stm32cubeide/plugins/com.st.stm32cube.ide.mcu.externaltools.gnu-tools-for-stm32.7-2018-q2-update.win32_1.4.0.202007081208/tools/bin/../lib/gcc/arm-none-eabi/7.3.1/thumb/v7-m/crtbegin.o
                0x0000000020000064                . = ALIGN (0x4)

.bss            0x0000000020000064       0x2c load address 0x0000000008000de0
                0x0000000020000064                _sbss = .
                0x0000000020000064                __bss_start__ = _sbss
 *(.bss)
 .bss           0x0000000020000064       0x1c c:/st/stm32cubeide_1.4.0/stm32cubeide/plugins/com.st.stm32cube.ide.mcu.externaltools.gnu-tools-for-stm32.7-2018-q2-update.win32_1.4.0.202007081208/tools/bin/../lib/gcc/arm-none-eabi/7.3.1/thumb/v7-m/crtbegin.o
 *(.bss*)
 .bss.__sbrk_heap_end
                0x0000000020000080        0x4 Src/sysmem.o
 .bss.__malloc_free_list
                0x0000000020000084        0x4 c:/st/stm32cubeide_1.4.0/stm32cubeide/plugins/com.st.stm32cube.ide.mcu.externaltools.gnu-tools-for-stm32.7-2018-q2-update.win32_1.4.0.202007081208/tools/bin/../lib/gcc/arm-none-eabi/7.3.1/../../../../arm-none-eabi/lib/thumb/v7-m\libc_nano.a(lib_a-nano-mallocr.o)
                0x0000000020000084                __malloc_free_list
 .bss.__malloc_sbrk_start
                0x0000000020000088        0x4 c:/st/stm32cubeide_1.4.0/stm32cubeide/plugins/com.st.stm32cube.ide.mcu.externaltools.gnu-tools-for-stm32.7-2018-q2-update.win32_1.4.0.202007081208/tools/bin/../lib/gcc/arm-none-eabi/7.3.1/../../../../arm-none-eabi/lib/thumb/v7-m\libc_nano.a(lib_a-nano-mallocr.o)
                0x0000000020000088                __malloc_sbrk_start
 *(COMMON)
 COMMON         0x000000002000008c        0x4 c:/st/stm32cubeide_1.4.0/stm32cubeide/plugins/com.st.stm32cube.ide.mcu.externaltools.gnu-tools-for-stm32.7-2018-q2-update.win32_1.4.0.202007081208/tools/bin/../lib/gcc/arm-none-eabi/7.3.1/../../../../arm-none-eabi/lib/thumb/v7-m\libc_nano.a(lib_a-reent.o)
                0x000000002000008c                errno
                0x0000000020000090                . = ALIGN (0x4)
                0x0000000020000090                _ebss = .
                0x0000000020000090                __bss_end__ = _ebss

._user_heap_stack
                0x0000000020000090      0x600 load address 0x0000000008000de0
                0x0000000020000090                . = ALIGN (0x8)
                [!provide]                        PROVIDE (end = .)
                0x0000000020000090                PROVIDE (_end = .)
                0x0000000020000290                . = (. + _Min_Heap_Size)
 *fill*         0x0000000020000090      0x200 
                0x0000000020000690                . = (. + _Min_Stack_Size)
 *fill*         0x0000000020000290      0x400 
                0x0000000020000690                . = ALIGN (0x8)

/DISCARD/
 libc.a(*)
 libm.a(*)
 libgcc.a(*)

.ARM.attributes
                0x0000000000000000       0x29
 *(.ARM.attributes)
 .ARM.attributes
                0x0000000000000000       0x1d c:/st/stm32cubeide_1.4.0/stm32cubeide/plugins/com.st.stm32cube.ide.mcu.externaltools.gnu-tools-for-stm32.7-2018-q2-update.win32_1.4.0.202007081208/tools/bin/../lib/gcc/arm-none-eabi/7.3.1/thumb/v7-m/crti.o
 .ARM.attributes
                0x000000000000001d       0x2d c:/st/stm32cubeide_1.4.0/stm32cubeide/plugins/com.st.stm32cube.ide.mcu.externaltools.gnu-tools-for-stm32.7-2018-q2-update.win32_1.4.0.202007081208/tools/bin/../lib/gcc/arm-none-eabi/7.3.1/thumb/v7-m/crtbegin.o
 .ARM.attributes
                0x000000000000004a       0x33 Src/main.o
 .ARM.attributes
                0x000000000000007d       0x33 Src/syscalls.o
 .ARM.attributes
                0x00000000000000b0       0x33 Src/sysmem.o
 .ARM.attributes
                0x00000000000000e3       0x21 Startup/startup_stm32f207zgtx.o
 .ARM.attributes
                0x0000000000000104       0x2d c:/st/stm32cubeide_1.4.0/stm32cubeide/plugins/com.st.stm32cube.ide.mcu.externaltools.gnu-tools-for-stm32.7-2018-q2-update.win32_1.4.0.202007081208/tools/bin/../lib/gcc/arm-none-eabi/7.3.1/../../../../arm-none-eabi/lib/thumb/v7-m\libc_nano.a(lib_a-errno.o)
 .ARM.attributes
                0x0000000000000131       0x2d c:/st/stm32cubeide_1.4.0/stm32cubeide/plugins/com.st.stm32cube.ide.mcu.externaltools.gnu-tools-for-stm32.7-2018-q2-update.win32_1.4.0.202007081208/tools/bin/../lib/gcc/arm-none-eabi/7.3.1/../../../../arm-none-eabi/lib/thumb/v7-m\libc_nano.a(lib_a-impure.o)
 .ARM.attributes
                0x000000000000015e       0x2d c:/st/stm32cubeide_1.4.0/stm32cubeide/plugins/com.st.stm32cube.ide.mcu.externaltools.gnu-tools-for-stm32.7-2018-q2-update.win32_1.4.0.202007081208/tools/bin/../lib/gcc/arm-none-eabi/7.3.1/../../../../arm-none-eabi/lib/thumb/v7-m\libc_nano.a(lib_a-init.o)
 .ARM.attributes
                0x000000000000018b       0x2d c:/st/stm32cubeide_1.4.0/stm32cubeide/plugins/com.st.stm32cube.ide.mcu.externaltools.gnu-tools-for-stm32.7-2018-q2-update.win32_1.4.0.202007081208/tools/bin/../lib/gcc/arm-none-eabi/7.3.1/../../../../arm-none-eabi/lib/thumb/v7-m\libc_nano.a(lib_a-memset.o)
 .ARM.attributes
                0x00000000000001b8       0x2d c:/st/stm32cubeide_1.4.0/stm32cubeide/plugins/com.st.stm32cube.ide.mcu.externaltools.gnu-tools-for-stm32.7-2018-q2-update.win32_1.4.0.202007081208/tools/bin/../lib/gcc/arm-none-eabi/7.3.1/../../../../arm-none-eabi/lib/thumb/v7-m\libc_nano.a(lib_a-puts.o)
 .ARM.attributes
                0x00000000000001e5       0x2d c:/st/stm32cubeide_1.4.0/stm32cubeide/plugins/com.st.stm32cube.ide.mcu.externaltools.gnu-tools-for-stm32.7-2018-q2-update.win32_1.4.0.202007081208/tools/bin/../lib/gcc/arm-none-eabi/7.3.1/../../../../arm-none-eabi/lib/thumb/v7-m\libc_nano.a(lib_a-wbuf.o)
 .ARM.attributes
                0x0000000000000212       0x2d c:/st/stm32cubeide_1.4.0/stm32cubeide/plugins/com.st.stm32cube.ide.mcu.externaltools.gnu-tools-for-stm32.7-2018-q2-update.win32_1.4.0.202007081208/tools/bin/../lib/gcc/arm-none-eabi/7.3.1/../../../../arm-none-eabi/lib/thumb/v7-m\libc_nano.a(lib_a-wsetup.o)
 .ARM.attributes
                0x000000000000023f       0x2d c:/st/stm32cubeide_1.4.0/stm32cubeide/plugins/com.st.stm32cube.ide.mcu.externaltools.gnu-tools-for-stm32.7-2018-q2-update.win32_1.4.0.202007081208/tools/bin/../lib/gcc/arm-none-eabi/7.3.1/../../../../arm-none-eabi/lib/thumb/v7-m\libc_nano.a(lib_a-fflush.o)
 .ARM.attributes
                0x000000000000026c       0x2d c:/st/stm32cubeide_1.4.0/stm32cubeide/plugins/com.st.stm32cube.ide.mcu.externaltools.gnu-tools-for-stm32.7-2018-q2-update.win32_1.4.0.202007081208/tools/bin/../lib/gcc/arm-none-eabi/7.3.1/../../../../arm-none-eabi/lib/thumb/v7-m\libc_nano.a(lib_a-findfp.o)
 .ARM.attributes
                0x0000000000000299       0x2d c:/st/stm32cubeide_1.4.0/stm32cubeide/plugins/com.st.stm32cube.ide.mcu.externaltools.gnu-tools-for-stm32.7-2018-q2-update.win32_1.4.0.202007081208/tools/bin/../lib/gcc/arm-none-eabi/7.3.1/../../../../arm-none-eabi/lib/thumb/v7-m\libc_nano.a(lib_a-fwalk.o)
 .ARM.attributes
                0x00000000000002c6       0x2d c:/st/stm32cubeide_1.4.0/stm32cubeide/plugins/com.st.stm32cube.ide.mcu.externaltools.gnu-tools-for-stm32.7-2018-q2-update.win32_1.4.0.202007081208/tools/bin/../lib/gcc/arm-none-eabi/7.3.1/../../../../arm-none-eabi/lib/thumb/v7-m\libc_nano.a(lib_a-makebuf.o)
 .ARM.attributes
                0x00000000000002f3       0x2d c:/st/stm32cubeide_1.4.0/stm32cubeide/plugins/com.st.stm32cube.ide.mcu.externaltools.gnu-tools-for-stm32.7-2018-q2-update.win32_1.4.0.202007081208/tools/bin/../lib/gcc/arm-none-eabi/7.3.1/../../../../arm-none-eabi/lib/thumb/v7-m\libc_nano.a(lib_a-nano-freer.o)
 .ARM.attributes
                0x0000000000000320       0x2d c:/st/stm32cubeide_1.4.0/stm32cubeide/plugins/com.st.stm32cube.ide.mcu.externaltools.gnu-tools-for-stm32.7-2018-q2-update.win32_1.4.0.202007081208/tools/bin/../lib/gcc/arm-none-eabi/7.3.1/../../../../arm-none-eabi/lib/thumb/v7-m\libc_nano.a(lib_a-nano-mallocr.o)
 .ARM.attributes
                0x000000000000034d       0x2d c:/st/stm32cubeide_1.4.0/stm32cubeide/plugins/com.st.stm32cube.ide.mcu.externaltools.gnu-tools-for-stm32.7-2018-q2-update.win32_1.4.0.202007081208/tools/bin/../lib/gcc/arm-none-eabi/7.3.1/../../../../arm-none-eabi/lib/thumb/v7-m\libc_nano.a(lib_a-sbrkr.o)
 .ARM.attributes
                0x000000000000037a       0x2d c:/st/stm32cubeide_1.4.0/stm32cubeide/plugins/com.st.stm32cube.ide.mcu.externaltools.gnu-tools-for-stm32.7-2018-q2-update.win32_1.4.0.202007081208/tools/bin/../lib/gcc/arm-none-eabi/7.3.1/../../../../arm-none-eabi/lib/thumb/v7-m\libc_nano.a(lib_a-stdio.o)
 .ARM.attributes
                0x00000000000003a7       0x2d c:/st/stm32cubeide_1.4.0/stm32cubeide/plugins/com.st.stm32cube.ide.mcu.externaltools.gnu-tools-for-stm32.7-2018-q2-update.win32_1.4.0.202007081208/tools/bin/../lib/gcc/arm-none-eabi/7.3.1/../../../../arm-none-eabi/lib/thumb/v7-m\libc_nano.a(lib_a-writer.o)
 .ARM.attributes
                0x00000000000003d4       0x2d c:/st/stm32cubeide_1.4.0/stm32cubeide/plugins/com.st.stm32cube.ide.mcu.externaltools.gnu-tools-for-stm32.7-2018-q2-update.win32_1.4.0.202007081208/tools/bin/../lib/gcc/arm-none-eabi/7.3.1/../../../../arm-none-eabi/lib/thumb/v7-m\libc_nano.a(lib_a-closer.o)
 .ARM.attributes
                0x0000000000000401       0x2d c:/st/stm32cubeide_1.4.0/stm32cubeide/plugins/com.st.stm32cube.ide.mcu.externaltools.gnu-tools-for-stm32.7-2018-q2-update.win32_1.4.0.202007081208/tools/bin/../lib/gcc/arm-none-eabi/7.3.1/../../../../arm-none-eabi/lib/thumb/v7-m\libc_nano.a(lib_a-fstatr.o)
 .ARM.attributes
                0x000000000000042e       0x2d c:/st/stm32cubeide_1.4.0/stm32cubeide/plugins/com.st.stm32cube.ide.mcu.externaltools.gnu-tools-for-stm32.7-2018-q2-update.win32_1.4.0.202007081208/tools/bin/../lib/gcc/arm-none-eabi/7.3.1/../../../../arm-none-eabi/lib/thumb/v7-m\libc_nano.a(lib_a-isattyr.o)
 .ARM.attributes
                0x000000000000045b       0x2d c:/st/stm32cubeide_1.4.0/stm32cubeide/plugins/com.st.stm32cube.ide.mcu.externaltools.gnu-tools-for-stm32.7-2018-q2-update.win32_1.4.0.202007081208/tools/bin/../lib/gcc/arm-none-eabi/7.3.1/../../../../arm-none-eabi/lib/thumb/v7-m\libc_nano.a(lib_a-lseekr.o)
 .ARM.attributes
                0x0000000000000488       0x2d c:/st/stm32cubeide_1.4.0/stm32cubeide/plugins/com.st.stm32cube.ide.mcu.externaltools.gnu-tools-for-stm32.7-2018-q2-update.win32_1.4.0.202007081208/tools/bin/../lib/gcc/arm-none-eabi/7.3.1/../../../../arm-none-eabi/lib/thumb/v7-m\libc_nano.a(lib_a-mlock.o)
 .ARM.attributes
                0x00000000000004b5       0x2d c:/st/stm32cubeide_1.4.0/stm32cubeide/plugins/com.st.stm32cube.ide.mcu.externaltools.gnu-tools-for-stm32.7-2018-q2-update.win32_1.4.0.202007081208/tools/bin/../lib/gcc/arm-none-eabi/7.3.1/../../../../arm-none-eabi/lib/thumb/v7-m\libc_nano.a(lib_a-readr.o)
 .ARM.attributes
                0x00000000000004e2       0x2d c:/st/stm32cubeide_1.4.0/stm32cubeide/plugins/com.st.stm32cube.ide.mcu.externaltools.gnu-tools-for-stm32.7-2018-q2-update.win32_1.4.0.202007081208/tools/bin/../lib/gcc/arm-none-eabi/7.3.1/../../../../arm-none-eabi/lib/thumb/v7-m\libc_nano.a(lib_a-reent.o)
 .ARM.attributes
                0x000000000000050f       0x1d c:/st/stm32cubeide_1.4.0/stm32cubeide/plugins/com.st.stm32cube.ide.mcu.externaltools.gnu-tools-for-stm32.7-2018-q2-update.win32_1.4.0.202007081208/tools/bin/../lib/gcc/arm-none-eabi/7.3.1/thumb/v7-m/crtn.o
OUTPUT(001_NU207_cube_HelloWorld_swv.elf elf32-littlearm)

.debug_info     0x0000000000000000     0x2142
 .debug_info    0x0000000000000000      0x89e Src/main.o
 .debug_info    0x000000000000089e      0xefd Src/syscalls.o
 .debug_info    0x000000000000179b      0x985 Src/sysmem.o
 .debug_info    0x0000000000002120       0x22 Startup/startup_stm32f207zgtx.o

.debug_abbrev   0x0000000000000000      0x58b
 .debug_abbrev  0x0000000000000000      0x165 Src/main.o
 .debug_abbrev  0x0000000000000165      0x279 Src/syscalls.o
 .debug_abbrev  0x00000000000003de      0x19b Src/sysmem.o
 .debug_abbrev  0x0000000000000579       0x12 Startup/startup_stm32f207zgtx.o

.debug_aranges  0x0000000000000000      0x118
 .debug_aranges
                0x0000000000000000       0x20 Src/main.o
 .debug_aranges
                0x0000000000000020       0xb0 Src/syscalls.o
 .debug_aranges
                0x00000000000000d0       0x20 Src/sysmem.o
 .debug_aranges
                0x00000000000000f0       0x28 Startup/startup_stm32f207zgtx.o

.debug_ranges   0x0000000000000000       0xe0
 .debug_ranges  0x0000000000000000       0x10 Src/main.o
 .debug_ranges  0x0000000000000010       0xa0 Src/syscalls.o
 .debug_ranges  0x00000000000000b0       0x10 Src/sysmem.o
 .debug_ranges  0x00000000000000c0       0x20 Startup/startup_stm32f207zgtx.o

.debug_macro    0x0000000000000000     0x29aa
 .debug_macro   0x0000000000000000      0x196 Src/main.o
 .debug_macro   0x0000000000000196      0xa66 Src/main.o
 .debug_macro   0x0000000000000bfc       0x22 Src/main.o
 .debug_macro   0x0000000000000c1e       0x40 Src/main.o
 .debug_macro   0x0000000000000c5e       0x18 Src/main.o
 .debug_macro   0x0000000000000c76       0x94 Src/main.o
 .debug_macro   0x0000000000000d0a       0x3c Src/main.o
 .debug_macro   0x0000000000000d46       0x34 Src/main.o
 .debug_macro   0x0000000000000d7a       0x16 Src/main.o
 .debug_macro   0x0000000000000d90       0x57 Src/main.o
 .debug_macro   0x0000000000000de7       0x97 Src/main.o
 .debug_macro   0x0000000000000e7e      0x330 Src/main.o
 .debug_macro   0x00000000000011ae       0xfd Src/main.o
 .debug_macro   0x00000000000012ab       0x10 Src/main.o
 .debug_macro   0x00000000000012bb       0x52 Src/main.o
 .debug_macro   0x000000000000130d       0x1f Src/main.o
 .debug_macro   0x000000000000132c       0x43 Src/main.o
 .debug_macro   0x000000000000136f       0x20 Src/main.o
 .debug_macro   0x000000000000138f      0x1a3 Src/main.o
 .debug_macro   0x0000000000001532       0x10 Src/main.o
 .debug_macro   0x0000000000001542       0x6a Src/main.o
 .debug_macro   0x00000000000015ac       0x1c Src/main.o
 .debug_macro   0x00000000000015c8       0x52 Src/main.o
 .debug_macro   0x000000000000161a       0x40 Src/main.o
 .debug_macro   0x000000000000165a       0x10 Src/main.o
 .debug_macro   0x000000000000166a       0x40 Src/main.o
 .debug_macro   0x00000000000016aa       0xd7 Src/main.o
 .debug_macro   0x0000000000001781       0x1c Src/main.o
 .debug_macro   0x000000000000179d       0x3d Src/main.o
 .debug_macro   0x00000000000017da       0x16 Src/main.o
 .debug_macro   0x00000000000017f0      0x145 Src/main.o
 .debug_macro   0x0000000000001935      0x255 Src/syscalls.o
 .debug_macro   0x0000000000001b8a      0x174 Src/syscalls.o
 .debug_macro   0x0000000000001cfe       0x10 Src/syscalls.o
 .debug_macro   0x0000000000001d0e       0x35 Src/syscalls.o
 .debug_macro   0x0000000000001d43       0x10 Src/syscalls.o
 .debug_macro   0x0000000000001d53       0x10 Src/syscalls.o
 .debug_macro   0x0000000000001d63       0x35 Src/syscalls.o
 .debug_macro   0x0000000000001d98      0x122 Src/syscalls.o
 .debug_macro   0x0000000000001eba       0x16 Src/syscalls.o
 .debug_macro   0x0000000000001ed0       0x16 Src/syscalls.o
 .debug_macro   0x0000000000001ee6       0x29 Src/syscalls.o
 .debug_macro   0x0000000000001f0f       0x10 Src/syscalls.o
 .debug_macro   0x0000000000001f1f      0x241 Src/syscalls.o
 .debug_macro   0x0000000000002160       0x1c Src/syscalls.o
 .debug_macro   0x000000000000217c       0x10 Src/syscalls.o
 .debug_macro   0x000000000000218c      0x189 Src/syscalls.o
 .debug_macro   0x0000000000002315       0x16 Src/syscalls.o
 .debug_macro   0x000000000000232b       0x88 Src/syscalls.o
 .debug_macro   0x00000000000023b3       0xee Src/sysmem.o
 .debug_macro   0x00000000000024a1      0x23b Src/sysmem.o
 .debug_macro   0x00000000000026dc       0xef Src/sysmem.o
 .debug_macro   0x00000000000027cb      0x1df Src/sysmem.o

.debug_line     0x0000000000000000     0x11dc
 .debug_line    0x0000000000000000      0x53e Src/main.o
 .debug_line    0x000000000000053e      0x758 Src/syscalls.o
 .debug_line    0x0000000000000c96      0x4c2 Src/sysmem.o
 .debug_line    0x0000000000001158       0x84 Startup/startup_stm32f207zgtx.o

.debug_str      0x0000000000000000     0x90e7
 .debug_str     0x0000000000000000     0x746d Src/main.o
                                       0x7642 (size before relaxing)
 .debug_str     0x000000000000746d     0x129c Src/syscalls.o
                                       0x8953 (size before relaxing)
 .debug_str     0x0000000000008709      0x9ad Src/sysmem.o
                                       0x5f66 (size before relaxing)
 .debug_str     0x00000000000090b6       0x31 Startup/startup_stm32f207zgtx.o
                                         0x83 (size before relaxing)

.comment        0x0000000000000000       0x7b
 .comment       0x0000000000000000       0x7b Src/main.o
                                         0x7c (size before relaxing)
 .comment       0x000000000000007b       0x7c Src/syscalls.o
 .comment       0x000000000000007b       0x7c Src/sysmem.o

.debug_frame    0x0000000000000000      0x924
 .debug_frame   0x0000000000000000       0x2c Src/main.o
 .debug_frame   0x000000000000002c      0x2d4 Src/syscalls.o
 .debug_frame   0x0000000000000300       0x34 Src/sysmem.o
 .debug_frame   0x0000000000000334       0x20 c:/st/stm32cubeide_1.4.0/stm32cubeide/plugins/com.st.stm32cube.ide.mcu.externaltools.gnu-tools-for-stm32.7-2018-q2-update.win32_1.4.0.202007081208/tools/bin/../lib/gcc/arm-none-eabi/7.3.1/../../../../arm-none-eabi/lib/thumb/v7-m\libc_nano.a(lib_a-errno.o)
 .debug_frame   0x0000000000000354       0x2c c:/st/stm32cubeide_1.4.0/stm32cubeide/plugins/com.st.stm32cube.ide.mcu.externaltools.gnu-tools-for-stm32.7-2018-q2-update.win32_1.4.0.202007081208/tools/bin/../lib/gcc/arm-none-eabi/7.3.1/../../../../arm-none-eabi/lib/thumb/v7-m\libc_nano.a(lib_a-init.o)
 .debug_frame   0x0000000000000380       0x20 c:/st/stm32cubeide_1.4.0/stm32cubeide/plugins/com.st.stm32cube.ide.mcu.externaltools.gnu-tools-for-stm32.7-2018-q2-update.win32_1.4.0.202007081208/tools/bin/../lib/gcc/arm-none-eabi/7.3.1/../../../../arm-none-eabi/lib/thumb/v7-m\libc_nano.a(lib_a-memset.o)
 .debug_frame   0x00000000000003a0       0x3c c:/st/stm32cubeide_1.4.0/stm32cubeide/plugins/com.st.stm32cube.ide.mcu.externaltools.gnu-tools-for-stm32.7-2018-q2-update.win32_1.4.0.202007081208/tools/bin/../lib/gcc/arm-none-eabi/7.3.1/../../../../arm-none-eabi/lib/thumb/v7-m\libc_nano.a(lib_a-puts.o)
 .debug_frame   0x00000000000003dc       0x40 c:/st/stm32cubeide_1.4.0/stm32cubeide/plugins/com.st.stm32cube.ide.mcu.externaltools.gnu-tools-for-stm32.7-2018-q2-update.win32_1.4.0.202007081208/tools/bin/../lib/gcc/arm-none-eabi/7.3.1/../../../../arm-none-eabi/lib/thumb/v7-m\libc_nano.a(lib_a-wbuf.o)
 .debug_frame   0x000000000000041c       0x2c c:/st/stm32cubeide_1.4.0/stm32cubeide/plugins/com.st.stm32cube.ide.mcu.externaltools.gnu-tools-for-stm32.7-2018-q2-update.win32_1.4.0.202007081208/tools/bin/../lib/gcc/arm-none-eabi/7.3.1/../../../../arm-none-eabi/lib/thumb/v7-m\libc_nano.a(lib_a-wsetup.o)
 .debug_frame   0x0000000000000448       0x68 c:/st/stm32cubeide_1.4.0/stm32cubeide/plugins/com.st.stm32cube.ide.mcu.externaltools.gnu-tools-for-stm32.7-2018-q2-update.win32_1.4.0.202007081208/tools/bin/../lib/gcc/arm-none-eabi/7.3.1/../../../../arm-none-eabi/lib/thumb/v7-m\libc_nano.a(lib_a-fflush.o)
 .debug_frame   0x00000000000004b0      0x11c c:/st/stm32cubeide_1.4.0/stm32cubeide/plugins/com.st.stm32cube.ide.mcu.externaltools.gnu-tools-for-stm32.7-2018-q2-update.win32_1.4.0.202007081208/tools/bin/../lib/gcc/arm-none-eabi/7.3.1/../../../../arm-none-eabi/lib/thumb/v7-m\libc_nano.a(lib_a-findfp.o)
 .debug_frame   0x00000000000005cc       0x54 c:/st/stm32cubeide_1.4.0/stm32cubeide/plugins/com.st.stm32cube.ide.mcu.externaltools.gnu-tools-for-stm32.7-2018-q2-update.win32_1.4.0.202007081208/tools/bin/../lib/gcc/arm-none-eabi/7.3.1/../../../../arm-none-eabi/lib/thumb/v7-m\libc_nano.a(lib_a-fwalk.o)
 .debug_frame   0x0000000000000620       0x58 c:/st/stm32cubeide_1.4.0/stm32cubeide/plugins/com.st.stm32cube.ide.mcu.externaltools.gnu-tools-for-stm32.7-2018-q2-update.win32_1.4.0.202007081208/tools/bin/../lib/gcc/arm-none-eabi/7.3.1/../../../../arm-none-eabi/lib/thumb/v7-m\libc_nano.a(lib_a-makebuf.o)
 .debug_frame   0x0000000000000678       0x38 c:/st/stm32cubeide_1.4.0/stm32cubeide/plugins/com.st.stm32cube.ide.mcu.externaltools.gnu-tools-for-stm32.7-2018-q2-update.win32_1.4.0.202007081208/tools/bin/../lib/gcc/arm-none-eabi/7.3.1/../../../../arm-none-eabi/lib/thumb/v7-m\libc_nano.a(lib_a-nano-freer.o)
 .debug_frame   0x00000000000006b0       0x2c c:/st/stm32cubeide_1.4.0/stm32cubeide/plugins/com.st.stm32cube.ide.mcu.externaltools.gnu-tools-for-stm32.7-2018-q2-update.win32_1.4.0.202007081208/tools/bin/../lib/gcc/arm-none-eabi/7.3.1/../../../../arm-none-eabi/lib/thumb/v7-m\libc_nano.a(lib_a-nano-mallocr.o)
 .debug_frame   0x00000000000006dc       0x2c c:/st/stm32cubeide_1.4.0/stm32cubeide/plugins/com.st.stm32cube.ide.mcu.externaltools.gnu-tools-for-stm32.7-2018-q2-update.win32_1.4.0.202007081208/tools/bin/../lib/gcc/arm-none-eabi/7.3.1/../../../../arm-none-eabi/lib/thumb/v7-m\libc_nano.a(lib_a-sbrkr.o)
 .debug_frame   0x0000000000000708       0x88 c:/st/stm32cubeide_1.4.0/stm32cubeide/plugins/com.st.stm32cube.ide.mcu.externaltools.gnu-tools-for-stm32.7-2018-q2-update.win32_1.4.0.202007081208/tools/bin/../lib/gcc/arm-none-eabi/7.3.1/../../../../arm-none-eabi/lib/thumb/v7-m\libc_nano.a(lib_a-stdio.o)
 .debug_frame   0x0000000000000790       0x2c c:/st/stm32cubeide_1.4.0/stm32cubeide/plugins/com.st.stm32cube.ide.mcu.externaltools.gnu-tools-for-stm32.7-2018-q2-update.win32_1.4.0.202007081208/tools/bin/../lib/gcc/arm-none-eabi/7.3.1/../../../../arm-none-eabi/lib/thumb/v7-m\libc_nano.a(lib_a-writer.o)
 .debug_frame   0x00000000000007bc       0x2c c:/st/stm32cubeide_1.4.0/stm32cubeide/plugins/com.st.stm32cube.ide.mcu.externaltools.gnu-tools-for-stm32.7-2018-q2-update.win32_1.4.0.202007081208/tools/bin/../lib/gcc/arm-none-eabi/7.3.1/../../../../arm-none-eabi/lib/thumb/v7-m\libc_nano.a(lib_a-closer.o)
 .debug_frame   0x00000000000007e8       0x2c c:/st/stm32cubeide_1.4.0/stm32cubeide/plugins/com.st.stm32cube.ide.mcu.externaltools.gnu-tools-for-stm32.7-2018-q2-update.win32_1.4.0.202007081208/tools/bin/../lib/gcc/arm-none-eabi/7.3.1/../../../../arm-none-eabi/lib/thumb/v7-m\libc_nano.a(lib_a-fstatr.o)
 .debug_frame   0x0000000000000814       0x2c c:/st/stm32cubeide_1.4.0/stm32cubeide/plugins/com.st.stm32cube.ide.mcu.externaltools.gnu-tools-for-stm32.7-2018-q2-update.win32_1.4.0.202007081208/tools/bin/../lib/gcc/arm-none-eabi/7.3.1/../../../../arm-none-eabi/lib/thumb/v7-m\libc_nano.a(lib_a-isattyr.o)
 .debug_frame   0x0000000000000840       0x2c c:/st/stm32cubeide_1.4.0/stm32cubeide/plugins/com.st.stm32cube.ide.mcu.externaltools.gnu-tools-for-stm32.7-2018-q2-update.win32_1.4.0.202007081208/tools/bin/../lib/gcc/arm-none-eabi/7.3.1/../../../../arm-none-eabi/lib/thumb/v7-m\libc_nano.a(lib_a-lseekr.o)
 .debug_frame   0x000000000000086c       0x30 c:/st/stm32cubeide_1.4.0/stm32cubeide/plugins/com.st.stm32cube.ide.mcu.externaltools.gnu-tools-for-stm32.7-2018-q2-update.win32_1.4.0.202007081208/tools/bin/../lib/gcc/arm-none-eabi/7.3.1/../../../../arm-none-eabi/lib/thumb/v7-m\libc_nano.a(lib_a-mlock.o)
 .debug_frame   0x000000000000089c       0x2c c:/st/stm32cubeide_1.4.0/stm32cubeide/plugins/com.st.stm32cube.ide.mcu.externaltools.gnu-tools-for-stm32.7-2018-q2-update.win32_1.4.0.202007081208/tools/bin/../lib/gcc/arm-none-eabi/7.3.1/../../../../arm-none-eabi/lib/thumb/v7-m\libc_nano.a(lib_a-readr.o)
 .debug_frame   0x00000000000008c8       0x5c c:/st/stm32cubeide_1.4.0/stm32cubeide/plugins/com.st.stm32cube.ide.mcu.externaltools.gnu-tools-for-stm32.7-2018-q2-update.win32_1.4.0.202007081208/tools/bin/../lib/gcc/arm-none-eabi/7.3.1/../../../../arm-none-eabi/lib/thumb/v7-m\libc_nano.a(lib_a-reent.o)
